<?php return array (
  0 => 'Symfony\\Bundle\\FrameworkBundle\\Controller\\AbstractController',
  1 => 'App\\Controller\\EmployeeAttendance\\EmpAttendanceTypesController',
  2 => 'App\\Controller\\EmployeeAttendance\\EmpAttendancesController',
  3 => 'App\\Controller\\EmployeeLeave\\EmpLeaveReasonsController',
  4 => 'App\\Controller\\EmployeeLeave\\EmpLeavesController',
  5 => 'App\\Controller\\Employee\\BankAccountsController',
  6 => 'App\\Controller\\Employee\\BanksController',
  7 => 'App\\Controller\\Employee\\EmpDepartmentController',
  8 => 'App\\Controller\\Employee\\EmpFamiliesController',
  9 => 'App\\Controller\\Employee\\EmpPositionsController',
  10 => 'App\\Controller\\Employee\\FamilyRelationshipsController',
  11 => 'App\\Controller\\Employee\\SchoolDegreesController',
  12 => 'App\\Controller\\Employee\\UserController',
  13 => 'App\\Controller\\Employee\\UserEducationDegreesController',
  14 => 'App\\Controller\\Employee\\UserRoleController',
  15 => 'App\\Controller\\MailerController',
  16 => 'App\\Controller\\ResetPasswordController',
  17 => 'App\\Entity\\BankAccounts',
  18 => 'App\\Entity\\Banks',
  19 => 'App\\Entity\\EmpAttendanceTypes',
  20 => 'App\\Entity\\EmpAttendances',
  21 => 'App\\Entity\\EmpDepartments',
  22 => 'App\\Entity\\EmpFamilies',
  23 => 'App\\Entity\\EmpLeaveReasons',
  24 => 'App\\Entity\\EmpLeaves',
  25 => 'App\\Entity\\EmpPositions',
  26 => 'App\\Entity\\FamilyRelationships',
  27 => 'App\\Entity\\SchoolDegrees',
  28 => 'App\\Entity\\UserEducationDegrees',
  29 => 'App\\Entity\\UserRoles',
  30 => 'App\\Entity\\Users',
  31 => 'Doctrine\\Bundle\\DoctrineBundle\\Controller\\ProfilerController',
  32 => 'Doctrine\\ORM\\Cache\\Persister\\Entity\\AbstractEntityPersister',
  33 => 'Doctrine\\ORM\\Cache\\Persister\\Entity\\CachedEntityPersister',
  34 => 'Doctrine\\ORM\\Cache\\Persister\\Entity\\NonStrictReadWriteCachedEntityPersister',
  35 => 'Doctrine\\ORM\\Cache\\Persister\\Entity\\ReadOnlyCachedEntityPersister',
  36 => 'Doctrine\\ORM\\Cache\\Persister\\Entity\\ReadWriteCachedEntityPersister',
  37 => 'Doctrine\\ORM\\Persisters\\Entity\\AbstractEntityInheritancePersister',
  38 => 'Doctrine\\ORM\\Persisters\\Entity\\BasicEntityPersister',
  39 => 'Doctrine\\ORM\\Persisters\\Entity\\CachedPersisterContext',
  40 => 'Doctrine\\ORM\\Persisters\\Entity\\EntityPersister',
  41 => 'Doctrine\\ORM\\Persisters\\Entity\\JoinedSubclassPersister',
  42 => 'Doctrine\\ORM\\Persisters\\Entity\\SingleTablePersister',
  44 => 'Symfony\\Bundle\\FrameworkBundle\\Controller\\ControllerResolver',
  45 => 'Symfony\\Bundle\\FrameworkBundle\\Controller\\RedirectController',
  46 => 'Symfony\\Bundle\\FrameworkBundle\\Controller\\TemplateController',
  47 => 'Symfony\\Component\\HttpKernel\\Controller\\ArgumentResolver',
  48 => 'Symfony\\Component\\HttpKernel\\Controller\\ArgumentResolverInterface',
  49 => 'Symfony\\Component\\HttpKernel\\Controller\\ArgumentResolver\\DefaultValueResolver',
  50 => 'Symfony\\Component\\HttpKernel\\Controller\\ArgumentResolver\\NotTaggedControllerValueResolver',
  51 => 'Symfony\\Component\\HttpKernel\\Controller\\ArgumentResolver\\RequestAttributeValueResolver',
  52 => 'Symfony\\Component\\HttpKernel\\Controller\\ArgumentResolver\\RequestValueResolver',
  53 => 'Symfony\\Component\\HttpKernel\\Controller\\ArgumentResolver\\ServiceValueResolver',
  54 => 'Symfony\\Component\\HttpKernel\\Controller\\ArgumentResolver\\SessionValueResolver',
  55 => 'Symfony\\Component\\HttpKernel\\Controller\\ArgumentResolver\\TraceableValueResolver',
  56 => 'Symfony\\Component\\HttpKernel\\Controller\\ArgumentResolver\\VariadicValueResolver',
  57 => 'Symfony\\Component\\HttpKernel\\Controller\\ArgumentValueResolverInterface',
  58 => 'Symfony\\Component\\HttpKernel\\Controller\\ContainerControllerResolver',
  59 => 'Symfony\\Component\\HttpKernel\\Controller\\ControllerReference',
  60 => 'Symfony\\Component\\HttpKernel\\Controller\\ControllerResolver',
  61 => 'Symfony\\Component\\HttpKernel\\Controller\\ControllerResolverInterface',
  62 => 'Symfony\\Component\\HttpKernel\\Controller\\ErrorController',
  63 => 'Symfony\\Component\\HttpKernel\\Controller\\TraceableArgumentResolver',
  64 => 'Symfony\\Component\\HttpKernel\\Controller\\TraceableControllerResolver',
  65 => 'Symfony\\Component\\Security\\Http\\Controller\\UserValueResolver',
);